I'm sorry, but errors were detected in your script. Please correct the
errors listed below, and try again.


File "game/script.rpy", line 58: Line is indented, but the preceding say statement statement does not expect a block. Please check this line's indentation. You may have forgotten a colon (:).
    p "Isnt it weird that we're floating??"
    ^

Ren'Py Version: Ren'Py 8.4.1.25072401
Sat Oct 18 21:53:30 2025
